interactions:
- request:
    body: status=Toot%21
    headers:
      Accept: ['*/*']
      Accept-Encoding: ['gzip, deflate']
      Authorization: [Bearer __MASTODON_PY_TEST_ACCESS_TOKEN]
      Connection: [keep-alive]
      Content-Length: ['14']
      Content-Type: [application/x-www-form-urlencoded]
      User-Agent: [python-requests/2.18.4]
    method: POST
    uri: http://localhost:3000/api/v1/statuses
  response:
    body: {string: '{"id":"102945957721016939","created_at":"2019-10-11T21:50:53.709Z","in_reply_to_id":null,"in_reply_to_account_id":null,"sensitive":false,"spoiler_text":"","visibility":"public","language":"ja","uri":"http://localhost/users/mastodonpy_test/statuses/102945957721016939","url":"http://localhost/@mastodonpy_test/102945957721016939","replies_count":0,"reblogs_count":0,"favourites_count":0,"favourited":false,"reblogged":false,"muted":false,"pinned":false,"content":"\u003cp\u003eToot!\u003c/p\u003e","reblog":null,"application":{"name":"Mastodon.py
        test suite","website":null},"account":{"id":"1234567890123456","username":"mastodonpy_test","acct":"mastodonpy_test","display_name":"","locked":false,"bot":false,"created_at":"2019-06-22T23:11:52.441Z","note":"\u003cp\u003e\u003c/p\u003e","url":"http://localhost/@mastodonpy_test","avatar":"http://localhost/avatars/original/missing.png","avatar_static":"http://localhost/avatars/original/missing.png","header":"http://localhost/headers/original/missing.png","header_static":"http://localhost/headers/original/missing.png","followers_count":0,"following_count":0,"statuses_count":3,"last_status_at":"2019-10-11T21:50:53.720Z","emojis":[],"fields":[]},"media_attachments":[],"mentions":[],"tags":[],"emojis":[],"card":null,"poll":null}'}
    headers:
      Cache-Control: ['no-cache, no-store']
      Content-Type: [application/json; charset=utf-8]
      Referrer-Policy: [strict-origin-when-cross-origin]
      Transfer-Encoding: [chunked]
      Vary: ['Accept-Encoding, Origin']
      X-Content-Type-Options: [nosniff]
      X-Download-Options: [noopen]
      X-Frame-Options: [SAMEORIGIN]
      X-Permitted-Cross-Domain-Policies: [none]
      X-Request-Id: [f8295ef5-77ce-428e-9ace-f03a31e102af]
      X-Runtime: ['0.177933']
      X-XSS-Protection: [1; mode=block]
      content-length: ['1280']
    status: {code: 200, message: OK}
- request:
    body: null
    headers:
      Accept: ['*/*']
      Accept-Encoding: ['gzip, deflate']
      Connection: [keep-alive]
      User-Agent: [python-requests/2.18.4]
    method: GET
    uri: http://localhost:3000/api/v1/timelines/home
  response:
    body: {string: '{"error":"The access token is invalid"}'}
    headers:
      Cache-Control: ['private, no-store']
      Content-Type: [application/json; charset=utf-8]
      Pragma: [no-cache]
      Referrer-Policy: [strict-origin-when-cross-origin]
      Transfer-Encoding: [chunked]
      Vary: ['Accept-Encoding, Origin']
      WWW-Authenticate: ['Bearer realm="Doorkeeper", error="invalid_token", error_description="The
          access token is invalid"']
      X-Content-Type-Options: [nosniff]
      X-Download-Options: [noopen]
      X-Frame-Options: [SAMEORIGIN]
      X-Permitted-Cross-Domain-Policies: [none]
      X-Request-Id: [fa5ac650-ccfb-4808-996f-b2c5c70637ae]
      X-Runtime: ['0.042082']
      X-XSS-Protection: [1; mode=block]
      content-length: ['39']
    status: {code: 401, message: Unauthorized}
- request:
    body: null
    headers:
      Accept: ['*/*']
      Accept-Encoding: ['gzip, deflate']
      Authorization: [Bearer __MASTODON_PY_TEST_ACCESS_TOKEN]
      Connection: [keep-alive]
      Content-Length: ['0']
      User-Agent: [python-requests/2.18.4]
    method: DELETE
    uri: http://localhost:3000/api/v1/statuses/102945957721016939
  response:
    body: {string: '{"id":"102945957721016939","created_at":"2019-10-11T21:50:53.709Z","in_reply_to_id":null,"in_reply_to_account_id":null,"sensitive":false,"spoiler_text":"","visibility":"public","language":"ja","uri":"http://localhost/users/mastodonpy_test/statuses/102945957721016939","url":"http://localhost/@mastodonpy_test/102945957721016939","replies_count":0,"reblogs_count":0,"favourites_count":0,"favourited":false,"reblogged":false,"muted":false,"pinned":false,"text":"Toot!","reblog":null,"application":{"name":"Mastodon.py
        test suite","website":null},"account":{"id":"1234567890123456","username":"mastodonpy_test","acct":"mastodonpy_test","display_name":"","locked":false,"bot":false,"created_at":"2019-06-22T23:11:52.441Z","note":"\u003cp\u003e\u003c/p\u003e","url":"http://localhost/@mastodonpy_test","avatar":"http://localhost/avatars/original/missing.png","avatar_static":"http://localhost/avatars/original/missing.png","header":"http://localhost/headers/original/missing.png","header_static":"http://localhost/headers/original/missing.png","followers_count":0,"following_count":0,"statuses_count":3,"last_status_at":"2019-10-11T21:50:53.720Z","emojis":[],"fields":[]},"media_attachments":[],"mentions":[],"tags":[],"emojis":[],"card":null,"poll":null}'}
    headers:
      Cache-Control: ['no-cache, no-store']
      Content-Type: [application/json; charset=utf-8]
      Referrer-Policy: [strict-origin-when-cross-origin]
      Transfer-Encoding: [chunked]
      Vary: ['Accept-Encoding, Origin']
      X-Content-Type-Options: [nosniff]
      X-Download-Options: [noopen]
      X-Frame-Options: [SAMEORIGIN]
      X-Permitted-Cross-Domain-Policies: [none]
      X-Request-Id: [9d666b1a-fd56-4300-95a1-28feb36ff7a5]
      X-Runtime: ['0.098543']
      X-XSS-Protection: [1; mode=block]
      content-length: ['1250']
    status: {code: 200, message: OK}
version: 1
