interactions:
- request:
    body: status=please+ensure+adequate+headroom&scheduled_at=4000-01-01T14%3A33%3A14%2B00%3A00
    headers:
      Accept:
      - '*/*'
      Accept-Encoding:
      - gzip, deflate
      Authorization:
      - Bearer __MASTODON_PY_TEST_ACCESS_TOKEN
      Connection:
      - keep-alive
      Content-Length:
      - '85'
      Content-Type:
      - application/x-www-form-urlencoded
      User-Agent:
      - tests/v311
    method: POST
    uri: http://localhost:3000/api/v1/statuses
  response:
    body:
      string: '{"id":"8","scheduled_at":"4000-01-01T14:33:14.000Z","params":{"text":"please
        ensure adequate headroom","media_ids":null,"sensitive":null,"spoiler_text":null,"visibility":null,"language":null,"scheduled_at":null,"poll":null,"idempotency":null,"with_rate_limit":false,"in_reply_to_id":null,"application_id":1234567890123456},"media_attachments":[]}'
    headers:
      Cache-Control:
      - no-store
      Content-Security-Policy:
      - 'base-uri ''none''; default-src ''none''; frame-ancestors ''none''; font-src
        ''self'' http://localhost:3000; img-src ''self'' https: data: blob: http://localhost:3000;
        style-src ''self'' http://localhost:3000 ''nonce-Ak/w6f2hbeF+tQDO2xwBNw=='';
        media-src ''self'' https: data: http://localhost:3000; frame-src ''self''
        https:; manifest-src ''self'' http://localhost:3000; connect-src ''self''
        data: blob: http://localhost:3000 http://localhost:3000 ws://localhost:4000
        ws://localhost:3035 http://localhost:3035; script-src ''self'' ''unsafe-inline''
        ''unsafe-eval'' http://localhost:3000; child-src ''self'' blob: http://localhost:3000;
        worker-src ''self'' blob: http://localhost:3000'
      Content-Type:
      - application/json; charset=utf-8
      ETag:
      - W/"1d6abb8ae5a6f0287532a204b61c688f"
      Referrer-Policy:
      - strict-origin-when-cross-origin
      Transfer-Encoding:
      - chunked
      Vary:
      - Accept, Origin
      X-Content-Type-Options:
      - nosniff
      X-Download-Options:
      - noopen
      X-Frame-Options:
      - SAMEORIGIN
      X-Permitted-Cross-Domain-Policies:
      - none
      X-RateLimit-Limit:
      - '300'
      X-RateLimit-Remaining:
      - '293'
      X-RateLimit-Reset:
      - '2022-11-17T21:00:00.743922Z'
      X-Request-Id:
      - 5e367318-8905-42f7-8b03-dfefef0b8544
      X-Runtime:
      - '0.025933'
      X-XSS-Protection:
      - 1; mode=block
    status:
      code: 200
      message: OK
- request:
    body: scheduled_at=4000-01-01T14%3A23%3A14%2B00%3A00
    headers:
      Accept:
      - '*/*'
      Accept-Encoding:
      - gzip, deflate
      Authorization:
      - Bearer __MASTODON_PY_TEST_ACCESS_TOKEN
      Connection:
      - keep-alive
      Content-Length:
      - '46'
      Content-Type:
      - application/x-www-form-urlencoded
      User-Agent:
      - tests/v311
    method: PUT
    uri: http://localhost:3000/api/v1/scheduled_statuses/8
  response:
    body:
      string: '{"id":"8","scheduled_at":"4000-01-01T14:23:14.000Z","params":{"poll":null,"text":"please
        ensure adequate headroom","language":null,"media_ids":null,"sensitive":null,"visibility":null,"idempotency":null,"scheduled_at":null,"spoiler_text":null,"application_id":1234567890123456,"in_reply_to_id":null,"with_rate_limit":false},"media_attachments":[]}'
    headers:
      Cache-Control:
      - no-store
      Content-Security-Policy:
      - 'base-uri ''none''; default-src ''none''; frame-ancestors ''none''; font-src
        ''self'' http://localhost:3000; img-src ''self'' https: data: blob: http://localhost:3000;
        style-src ''self'' http://localhost:3000 ''nonce-stvmuoKpti0sNxM89xxgZA=='';
        media-src ''self'' https: data: http://localhost:3000; frame-src ''self''
        https:; manifest-src ''self'' http://localhost:3000; connect-src ''self''
        data: blob: http://localhost:3000 http://localhost:3000 ws://localhost:4000
        ws://localhost:3035 http://localhost:3035; script-src ''self'' ''unsafe-inline''
        ''unsafe-eval'' http://localhost:3000; child-src ''self'' blob: http://localhost:3000;
        worker-src ''self'' blob: http://localhost:3000'
      Content-Type:
      - application/json; charset=utf-8
      ETag:
      - W/"ef1f9f079ab2e1fc61e245067021a431"
      Referrer-Policy:
      - strict-origin-when-cross-origin
      Transfer-Encoding:
      - chunked
      Vary:
      - Accept, Origin
      X-Content-Type-Options:
      - nosniff
      X-Download-Options:
      - noopen
      X-Frame-Options:
      - SAMEORIGIN
      X-Permitted-Cross-Domain-Policies:
      - none
      X-Request-Id:
      - dcf2a73e-2c68-46d3-ad9d-691a830db5e1
      X-Runtime:
      - '0.012105'
      X-XSS-Protection:
      - 1; mode=block
    status:
      code: 200
      message: OK
- request:
    body: null
    headers:
      Accept:
      - '*/*'
      Accept-Encoding:
      - gzip, deflate
      Authorization:
      - Bearer __MASTODON_PY_TEST_ACCESS_TOKEN
      Connection:
      - keep-alive
      User-Agent:
      - tests/v311
    method: GET
    uri: http://localhost:3000/api/v1/scheduled_statuses
  response:
    body:
      string: '[{"id":"8","scheduled_at":"4000-01-01T14:23:14.000Z","params":{"poll":null,"text":"please
        ensure adequate headroom","language":null,"media_ids":null,"sensitive":null,"visibility":null,"idempotency":null,"scheduled_at":null,"spoiler_text":null,"application_id":1234567890123456,"in_reply_to_id":null,"with_rate_limit":false},"media_attachments":[]}]'
    headers:
      Cache-Control:
      - no-store
      Content-Security-Policy:
      - 'base-uri ''none''; default-src ''none''; frame-ancestors ''none''; font-src
        ''self'' http://localhost:3000; img-src ''self'' https: data: blob: http://localhost:3000;
        style-src ''self'' http://localhost:3000 ''nonce-uZuwulirf3GB1inWQ/FEBw=='';
        media-src ''self'' https: data: http://localhost:3000; frame-src ''self''
        https:; manifest-src ''self'' http://localhost:3000; connect-src ''self''
        data: blob: http://localhost:3000 http://localhost:3000 ws://localhost:4000
        ws://localhost:3035 http://localhost:3035; script-src ''self'' ''unsafe-inline''
        ''unsafe-eval'' http://localhost:3000; child-src ''self'' blob: http://localhost:3000;
        worker-src ''self'' blob: http://localhost:3000'
      Content-Type:
      - application/json; charset=utf-8
      ETag:
      - W/"53412585062018a03512cca034ff85d4"
      Link:
      - <http://localhost:3000/api/v1/scheduled_statuses?min_id=8>; rel="prev"
      Referrer-Policy:
      - strict-origin-when-cross-origin
      Transfer-Encoding:
      - chunked
      Vary:
      - Accept, Origin
      X-Content-Type-Options:
      - nosniff
      X-Download-Options:
      - noopen
      X-Frame-Options:
      - SAMEORIGIN
      X-Permitted-Cross-Domain-Policies:
      - none
      X-Request-Id:
      - 4eab30ef-c087-4026-bcc5-22a0d80d5426
      X-Runtime:
      - '0.007217'
      X-XSS-Protection:
      - 1; mode=block
    status:
      code: 200
      message: OK
- request:
    body: null
    headers:
      Accept:
      - '*/*'
      Accept-Encoding:
      - gzip, deflate
      Authorization:
      - Bearer __MASTODON_PY_TEST_ACCESS_TOKEN
      Connection:
      - keep-alive
      User-Agent:
      - tests/v311
    method: GET
    uri: http://localhost:3000/api/v1/scheduled_statuses/8
  response:
    body:
      string: '{"id":"8","scheduled_at":"4000-01-01T14:23:14.000Z","params":{"poll":null,"text":"please
        ensure adequate headroom","language":null,"media_ids":null,"sensitive":null,"visibility":null,"idempotency":null,"scheduled_at":null,"spoiler_text":null,"application_id":1234567890123456,"in_reply_to_id":null,"with_rate_limit":false},"media_attachments":[]}'
    headers:
      Cache-Control:
      - no-store
      Content-Security-Policy:
      - 'base-uri ''none''; default-src ''none''; frame-ancestors ''none''; font-src
        ''self'' http://localhost:3000; img-src ''self'' https: data: blob: http://localhost:3000;
        style-src ''self'' http://localhost:3000 ''nonce-sDG/INd5trVXh399MBMRLg=='';
        media-src ''self'' https: data: http://localhost:3000; frame-src ''self''
        https:; manifest-src ''self'' http://localhost:3000; connect-src ''self''
        data: blob: http://localhost:3000 http://localhost:3000 ws://localhost:4000
        ws://localhost:3035 http://localhost:3035; script-src ''self'' ''unsafe-inline''
        ''unsafe-eval'' http://localhost:3000; child-src ''self'' blob: http://localhost:3000;
        worker-src ''self'' blob: http://localhost:3000'
      Content-Type:
      - application/json; charset=utf-8
      ETag:
      - W/"ef1f9f079ab2e1fc61e245067021a431"
      Referrer-Policy:
      - strict-origin-when-cross-origin
      Transfer-Encoding:
      - chunked
      Vary:
      - Accept, Origin
      X-Content-Type-Options:
      - nosniff
      X-Download-Options:
      - noopen
      X-Frame-Options:
      - SAMEORIGIN
      X-Permitted-Cross-Domain-Policies:
      - none
      X-Request-Id:
      - 59c54621-0e4e-49e4-a78b-95bbedc22370
      X-Runtime:
      - '0.006789'
      X-XSS-Protection:
      - 1; mode=block
    status:
      code: 200
      message: OK
- request:
    body: null
    headers:
      Accept:
      - '*/*'
      Accept-Encoding:
      - gzip, deflate
      Authorization:
      - Bearer __MASTODON_PY_TEST_ACCESS_TOKEN
      Connection:
      - keep-alive
      Content-Length:
      - '0'
      User-Agent:
      - tests/v311
    method: DELETE
    uri: http://localhost:3000/api/v1/scheduled_statuses/8
  response:
    body:
      string: '{}'
    headers:
      Cache-Control:
      - no-store
      Content-Security-Policy:
      - 'base-uri ''none''; default-src ''none''; frame-ancestors ''none''; font-src
        ''self'' http://localhost:3000; img-src ''self'' https: data: blob: http://localhost:3000;
        style-src ''self'' http://localhost:3000 ''nonce-MxIQ3EKn0B1lCGfXe6p4Gg=='';
        media-src ''self'' https: data: http://localhost:3000; frame-src ''self''
        https:; manifest-src ''self'' http://localhost:3000; connect-src ''self''
        data: blob: http://localhost:3000 http://localhost:3000 ws://localhost:4000
        ws://localhost:3035 http://localhost:3035; script-src ''self'' ''unsafe-inline''
        ''unsafe-eval'' http://localhost:3000; child-src ''self'' blob: http://localhost:3000;
        worker-src ''self'' blob: http://localhost:3000'
      Content-Type:
      - application/json; charset=utf-8
      ETag:
      - W/"44136fa355b3678a1146ad16f7e8649e"
      Referrer-Policy:
      - strict-origin-when-cross-origin
      Transfer-Encoding:
      - chunked
      Vary:
      - Accept, Origin
      X-Content-Type-Options:
      - nosniff
      X-Download-Options:
      - noopen
      X-Frame-Options:
      - SAMEORIGIN
      X-Permitted-Cross-Domain-Policies:
      - none
      X-Request-Id:
      - 47d7f0c0-e174-42f2-8506-86942fc5ebbf
      X-Runtime:
      - '0.010192'
      X-XSS-Protection:
      - 1; mode=block
    status:
      code: 200
      message: OK
- request:
    body: null
    headers:
      Accept:
      - '*/*'
      Accept-Encoding:
      - gzip, deflate
      Authorization:
      - Bearer __MASTODON_PY_TEST_ACCESS_TOKEN
      Connection:
      - keep-alive
      User-Agent:
      - tests/v311
    method: GET
    uri: http://localhost:3000/api/v1/scheduled_statuses
  response:
    body:
      string: '[]'
    headers:
      Cache-Control:
      - no-store
      Content-Security-Policy:
      - 'base-uri ''none''; default-src ''none''; frame-ancestors ''none''; font-src
        ''self'' http://localhost:3000; img-src ''self'' https: data: blob: http://localhost:3000;
        style-src ''self'' http://localhost:3000 ''nonce-vDFRE2ovp6xbVtXBXalZVw=='';
        media-src ''self'' https: data: http://localhost:3000; frame-src ''self''
        https:; manifest-src ''self'' http://localhost:3000; connect-src ''self''
        data: blob: http://localhost:3000 http://localhost:3000 ws://localhost:4000
        ws://localhost:3035 http://localhost:3035; script-src ''self'' ''unsafe-inline''
        ''unsafe-eval'' http://localhost:3000; child-src ''self'' blob: http://localhost:3000;
        worker-src ''self'' blob: http://localhost:3000'
      Content-Type:
      - application/json; charset=utf-8
      ETag:
      - W/"4f53cda18c2baa0c0354bb5f9a3ecbe5"
      Referrer-Policy:
      - strict-origin-when-cross-origin
      Transfer-Encoding:
      - chunked
      Vary:
      - Accept, Origin
      X-Content-Type-Options:
      - nosniff
      X-Download-Options:
      - noopen
      X-Frame-Options:
      - SAMEORIGIN
      X-Permitted-Cross-Domain-Policies:
      - none
      X-Request-Id:
      - c0a893ff-dde3-4bb4-ab03-8f4c70f26f22
      X-Runtime:
      - '0.007906'
      X-XSS-Protection:
      - 1; mode=block
    status:
      code: 200
      message: OK
- request:
    body: status=please+ensure+adequate+headroom&scheduled_at=2022-11-17T19%3A58%3A07%2B00%3A00
    headers:
      Accept:
      - '*/*'
      Accept-Encoding:
      - gzip, deflate
      Authorization:
      - Bearer __MASTODON_PY_TEST_ACCESS_TOKEN
      Connection:
      - keep-alive
      Content-Length:
      - '85'
      Content-Type:
      - application/x-www-form-urlencoded
      User-Agent:
      - tests/v311
    method: POST
    uri: http://localhost:3000/api/v1/statuses
  response:
    body:
      string: '{"id":"109360911667710470","created_at":"2022-11-17T19:58:02.822Z","in_reply_to_id":null,"in_reply_to_account_id":null,"sensitive":false,"spoiler_text":"","visibility":"public","language":"ja","uri":"http://localhost:3000/users/mastodonpy_test/statuses/109360911667710470","url":"http://localhost:3000/@mastodonpy_test/109360911667710470","replies_count":0,"reblogs_count":0,"favourites_count":0,"edited_at":null,"favourited":false,"reblogged":false,"muted":false,"bookmarked":false,"pinned":false,"content":"\u003cp\u003eplease
        ensure adequate headroom\u003c/p\u003e","filtered":[],"reblog":null,"application":{"name":"Mastodon.py
        test suite","website":null},"account":{"id":"109337440686176140","username":"mastodonpy_test","acct":"mastodonpy_test","display_name":"John
        Lennon","locked":true,"bot":false,"discoverable":null,"group":false,"created_at":"2022-11-13T00:00:00.000Z","note":"\u003cp\u003eI
        walk funny\u003c/p\u003e","url":"http://localhost:3000/@mastodonpy_test","avatar":"http://localhost:3000/system/accounts/avatars/109/337/440/686/176/140/original/d6cd9a5a5e65da30.jpg","avatar_static":"http://localhost:3000/system/accounts/avatars/109/337/440/686/176/140/original/d6cd9a5a5e65da30.jpg","header":"http://localhost:3000/system/accounts/headers/109/337/440/686/176/140/original/2b7760a42692fbde.jpg","header_static":"http://localhost:3000/system/accounts/headers/109/337/440/686/176/140/original/2b7760a42692fbde.jpg","followers_count":0,"following_count":0,"statuses_count":6,"last_status_at":"2022-11-17","noindex":false,"emojis":[],"fields":[{"name":"bread","value":"toasty.","verified_at":null},{"name":"lasagna","value":"no!!!","verified_at":null}]},"media_attachments":[],"mentions":[],"tags":[],"emojis":[],"card":null,"poll":null}'
    headers:
      Cache-Control:
      - no-store
      Content-Security-Policy:
      - 'base-uri ''none''; default-src ''none''; frame-ancestors ''none''; font-src
        ''self'' http://localhost:3000; img-src ''self'' https: data: blob: http://localhost:3000;
        style-src ''self'' http://localhost:3000 ''nonce-8OI7FZj2LTcg0sMTtFIKsQ=='';
        media-src ''self'' https: data: http://localhost:3000; frame-src ''self''
        https:; manifest-src ''self'' http://localhost:3000; connect-src ''self''
        data: blob: http://localhost:3000 http://localhost:3000 ws://localhost:4000
        ws://localhost:3035 http://localhost:3035; script-src ''self'' ''unsafe-inline''
        ''unsafe-eval'' http://localhost:3000; child-src ''self'' blob: http://localhost:3000;
        worker-src ''self'' blob: http://localhost:3000'
      Content-Type:
      - application/json; charset=utf-8
      ETag:
      - W/"3a893eeef2d4aae154d54e233344b05b"
      Referrer-Policy:
      - strict-origin-when-cross-origin
      Transfer-Encoding:
      - chunked
      Vary:
      - Accept, Origin
      X-Content-Type-Options:
      - nosniff
      X-Download-Options:
      - noopen
      X-Frame-Options:
      - SAMEORIGIN
      X-Permitted-Cross-Domain-Policies:
      - none
      X-RateLimit-Limit:
      - '300'
      X-RateLimit-Remaining:
      - '292'
      X-RateLimit-Reset:
      - '2022-11-17T21:00:00.845464Z'
      X-Request-Id:
      - 1b2f8591-6ff0-4d1e-8ac7-a2ac1f1fe25a
      X-Runtime:
      - '0.034573'
      X-XSS-Protection:
      - 1; mode=block
    status:
      code: 200
      message: OK
- request:
    body: null
    headers:
      Accept:
      - '*/*'
      Accept-Encoding:
      - gzip, deflate
      Authorization:
      - Bearer __MASTODON_PY_TEST_ACCESS_TOKEN
      Connection:
      - keep-alive
      User-Agent:
      - tests/v311
    method: GET
    uri: http://localhost:3000/api/v1/timelines/home
  response:
    body:
      string: '[{"id":"109360911667710470","created_at":"2022-11-17T19:58:02.822Z","in_reply_to_id":null,"in_reply_to_account_id":null,"sensitive":false,"spoiler_text":"","visibility":"public","language":"ja","uri":"http://localhost:3000/users/mastodonpy_test/statuses/109360911667710470","url":"http://localhost:3000/@mastodonpy_test/109360911667710470","replies_count":0,"reblogs_count":0,"favourites_count":0,"edited_at":null,"favourited":false,"reblogged":false,"muted":false,"bookmarked":false,"pinned":false,"content":"\u003cp\u003eplease
        ensure adequate headroom\u003c/p\u003e","filtered":[],"reblog":null,"application":{"name":"Mastodon.py
        test suite","website":null},"account":{"id":"109337440686176140","username":"mastodonpy_test","acct":"mastodonpy_test","display_name":"John
        Lennon","locked":true,"bot":false,"discoverable":null,"group":false,"created_at":"2022-11-13T00:00:00.000Z","note":"\u003cp\u003eI
        walk funny\u003c/p\u003e","url":"http://localhost:3000/@mastodonpy_test","avatar":"http://localhost:3000/system/accounts/avatars/109/337/440/686/176/140/original/d6cd9a5a5e65da30.jpg","avatar_static":"http://localhost:3000/system/accounts/avatars/109/337/440/686/176/140/original/d6cd9a5a5e65da30.jpg","header":"http://localhost:3000/system/accounts/headers/109/337/440/686/176/140/original/2b7760a42692fbde.jpg","header_static":"http://localhost:3000/system/accounts/headers/109/337/440/686/176/140/original/2b7760a42692fbde.jpg","followers_count":0,"following_count":0,"statuses_count":6,"last_status_at":"2022-11-17","noindex":false,"emojis":[],"fields":[{"name":"bread","value":"toasty.","verified_at":null},{"name":"lasagna","value":"no!!!","verified_at":null}]},"media_attachments":[],"mentions":[],"tags":[],"emojis":[],"card":null,"poll":null},{"id":"109360904113799391","created_at":"2022-11-17T19:56:07.558Z","in_reply_to_id":null,"in_reply_to_account_id":null,"sensitive":false,"spoiler_text":"","visibility":"public","language":"ja","uri":"http://localhost:3000/users/mastodonpy_test/statuses/109360904113799391","url":"http://localhost:3000/@mastodonpy_test/109360904113799391","replies_count":0,"reblogs_count":0,"favourites_count":0,"edited_at":null,"favourited":false,"reblogged":false,"muted":false,"bookmarked":false,"pinned":false,"content":"\u003cp\u003eplease
        ensure adequate headroom\u003c/p\u003e","filtered":[],"reblog":null,"application":{"name":"Mastodon.py
        test suite","website":null},"account":{"id":"109337440686176140","username":"mastodonpy_test","acct":"mastodonpy_test","display_name":"John
        Lennon","locked":true,"bot":false,"discoverable":null,"group":false,"created_at":"2022-11-13T00:00:00.000Z","note":"\u003cp\u003eI
        walk funny\u003c/p\u003e","url":"http://localhost:3000/@mastodonpy_test","avatar":"http://localhost:3000/system/accounts/avatars/109/337/440/686/176/140/original/d6cd9a5a5e65da30.jpg","avatar_static":"http://localhost:3000/system/accounts/avatars/109/337/440/686/176/140/original/d6cd9a5a5e65da30.jpg","header":"http://localhost:3000/system/accounts/headers/109/337/440/686/176/140/original/2b7760a42692fbde.jpg","header_static":"http://localhost:3000/system/accounts/headers/109/337/440/686/176/140/original/2b7760a42692fbde.jpg","followers_count":0,"following_count":0,"statuses_count":6,"last_status_at":"2022-11-17","noindex":false,"emojis":[],"fields":[{"name":"bread","value":"toasty.","verified_at":null},{"name":"lasagna","value":"no!!!","verified_at":null}]},"media_attachments":[],"mentions":[],"tags":[],"emojis":[],"card":null,"poll":null},{"id":"109360579914087110","created_at":"2022-11-17T18:33:40.663Z","in_reply_to_id":null,"in_reply_to_account_id":null,"sensitive":false,"spoiler_text":"","visibility":"public","language":"ja","uri":"http://localhost:3000/users/mastodonpy_test/statuses/109360579914087110","url":"http://localhost:3000/@mastodonpy_test/109360579914087110","replies_count":0,"reblogs_count":0,"favourites_count":0,"edited_at":null,"favourited":false,"reblogged":false,"muted":false,"bookmarked":false,"pinned":false,"content":"\u003cp\u003eplease
        ensure adequate headroom\u003c/p\u003e","filtered":[],"reblog":null,"application":{"name":"Mastodon.py
        test suite","website":null},"account":{"id":"109337440686176140","username":"mastodonpy_test","acct":"mastodonpy_test","display_name":"John
        Lennon","locked":true,"bot":false,"discoverable":null,"group":false,"created_at":"2022-11-13T00:00:00.000Z","note":"\u003cp\u003eI
        walk funny\u003c/p\u003e","url":"http://localhost:3000/@mastodonpy_test","avatar":"http://localhost:3000/system/accounts/avatars/109/337/440/686/176/140/original/d6cd9a5a5e65da30.jpg","avatar_static":"http://localhost:3000/system/accounts/avatars/109/337/440/686/176/140/original/d6cd9a5a5e65da30.jpg","header":"http://localhost:3000/system/accounts/headers/109/337/440/686/176/140/original/2b7760a42692fbde.jpg","header_static":"http://localhost:3000/system/accounts/headers/109/337/440/686/176/140/original/2b7760a42692fbde.jpg","followers_count":0,"following_count":0,"statuses_count":6,"last_status_at":"2022-11-17","noindex":false,"emojis":[],"fields":[{"name":"bread","value":"toasty.","verified_at":null},{"name":"lasagna","value":"no!!!","verified_at":null}]},"media_attachments":[],"mentions":[],"tags":[],"emojis":[],"card":null,"poll":null},{"id":"109337450437842705","created_at":"2022-11-13T16:31:32.863Z","in_reply_to_id":null,"in_reply_to_account_id":null,"sensitive":false,"spoiler_text":"","visibility":"public","language":"ja","uri":"http://localhost:3000/users/mastodonpy_test/statuses/109337450437842705","url":"http://localhost:3000/@mastodonpy_test/109337450437842705","replies_count":0,"reblogs_count":0,"favourites_count":0,"edited_at":null,"favourited":false,"reblogged":false,"muted":false,"bookmarked":false,"pinned":false,"content":"\u003cp\u003eit\u0026#39;s
        cool guy\u003c/p\u003e","filtered":[],"reblog":null,"application":{"name":"Mastodon.py
        test suite","website":null},"account":{"id":"109337440686176140","username":"mastodonpy_test","acct":"mastodonpy_test","display_name":"John
        Lennon","locked":true,"bot":false,"discoverable":null,"group":false,"created_at":"2022-11-13T00:00:00.000Z","note":"\u003cp\u003eI
        walk funny\u003c/p\u003e","url":"http://localhost:3000/@mastodonpy_test","avatar":"http://localhost:3000/system/accounts/avatars/109/337/440/686/176/140/original/d6cd9a5a5e65da30.jpg","avatar_static":"http://localhost:3000/system/accounts/avatars/109/337/440/686/176/140/original/d6cd9a5a5e65da30.jpg","header":"http://localhost:3000/system/accounts/headers/109/337/440/686/176/140/original/2b7760a42692fbde.jpg","header_static":"http://localhost:3000/system/accounts/headers/109/337/440/686/176/140/original/2b7760a42692fbde.jpg","followers_count":0,"following_count":0,"statuses_count":6,"last_status_at":"2022-11-17","noindex":false,"emojis":[],"fields":[{"name":"bread","value":"toasty.","verified_at":null},{"name":"lasagna","value":"no!!!","verified_at":null}]},"media_attachments":[],"mentions":[],"tags":[],"emojis":[],"card":null,"poll":null}]'
    headers:
      Cache-Control:
      - no-store
      Content-Security-Policy:
      - 'base-uri ''none''; default-src ''none''; frame-ancestors ''none''; font-src
        ''self'' http://localhost:3000; img-src ''self'' https: data: blob: http://localhost:3000;
        style-src ''self'' http://localhost:3000 ''nonce-HMi+VW9f5rE0rG5Dy5SF5Q=='';
        media-src ''self'' https: data: http://localhost:3000; frame-src ''self''
        https:; manifest-src ''self'' http://localhost:3000; connect-src ''self''
        data: blob: http://localhost:3000 http://localhost:3000 ws://localhost:4000
        ws://localhost:3035 http://localhost:3035; script-src ''self'' ''unsafe-inline''
        ''unsafe-eval'' http://localhost:3000; child-src ''self'' blob: http://localhost:3000;
        worker-src ''self'' blob: http://localhost:3000'
      Content-Type:
      - application/json; charset=utf-8
      ETag:
      - W/"a4a8a28faa3eb838f93ff309d4642aa1"
      Link:
      - <http://localhost:3000/api/v1/timelines/home?max_id=109337450437842705>; rel="next",
        <http://localhost:3000/api/v1/timelines/home?min_id=109360911667710470>; rel="prev"
      Referrer-Policy:
      - strict-origin-when-cross-origin
      Transfer-Encoding:
      - chunked
      Vary:
      - Accept, Origin
      X-Content-Type-Options:
      - nosniff
      X-Download-Options:
      - noopen
      X-Frame-Options:
      - SAMEORIGIN
      X-Permitted-Cross-Domain-Policies:
      - none
      X-Request-Id:
      - 5c53a97d-095f-4fbc-af8a-71d8d6147dc6
      X-Runtime:
      - '0.037492'
      X-XSS-Protection:
      - 1; mode=block
    status:
      code: 200
      message: OK
- request:
    body: null
    headers:
      Accept:
      - '*/*'
      Accept-Encoding:
      - gzip, deflate
      Authorization:
      - Bearer __MASTODON_PY_TEST_ACCESS_TOKEN
      Connection:
      - keep-alive
      User-Agent:
      - tests/v311
    method: GET
    uri: http://localhost:3000/api/v1/scheduled_statuses
  response:
    body:
      string: '[]'
    headers:
      Cache-Control:
      - no-store
      Content-Security-Policy:
      - 'base-uri ''none''; default-src ''none''; frame-ancestors ''none''; font-src
        ''self'' http://localhost:3000; img-src ''self'' https: data: blob: http://localhost:3000;
        style-src ''self'' http://localhost:3000 ''nonce-nfIWTN6yir29ewBAXPSIVg=='';
        media-src ''self'' https: data: http://localhost:3000; frame-src ''self''
        https:; manifest-src ''self'' http://localhost:3000; connect-src ''self''
        data: blob: http://localhost:3000 http://localhost:3000 ws://localhost:4000
        ws://localhost:3035 http://localhost:3035; script-src ''self'' ''unsafe-inline''
        ''unsafe-eval'' http://localhost:3000; child-src ''self'' blob: http://localhost:3000;
        worker-src ''self'' blob: http://localhost:3000'
      Content-Type:
      - application/json; charset=utf-8
      ETag:
      - W/"4f53cda18c2baa0c0354bb5f9a3ecbe5"
      Referrer-Policy:
      - strict-origin-when-cross-origin
      Transfer-Encoding:
      - chunked
      Vary:
      - Accept, Origin
      X-Content-Type-Options:
      - nosniff
      X-Download-Options:
      - noopen
      X-Frame-Options:
      - SAMEORIGIN
      X-Permitted-Cross-Domain-Policies:
      - none
      X-Request-Id:
      - 14c0b629-2a90-4f51-90cf-afebf89e3456
      X-Runtime:
      - '0.008067'
      X-XSS-Protection:
      - 1; mode=block
    status:
      code: 200
      message: OK
version: 1
