interactions:
- request:
    body: null
    headers:
      Accept:
      - '*/*'
      Accept-Encoding:
      - gzip, deflate
      Authorization:
      - Bearer __MASTODON_PY_TEST_ACCESS_TOKEN
      Connection:
      - keep-alive
      User-Agent:
      - tests/v311
    method: GET
    uri: http://localhost:3000/api/v1/accounts/verify_credentials
  response:
    body:
      string: '{"id":"109366898092282937","username":"mastodonpy_test","acct":"mastodonpy_test","display_name":"","locked":true,"bot":false,"discoverable":null,"group":false,"created_at":"2022-11-18T00:00:00.000Z","note":"","url":"http://localhost:3000/@mastodonpy_test","avatar":"http://localhost:3000/avatars/original/missing.png","avatar_static":"http://localhost:3000/avatars/original/missing.png","header":"http://localhost:3000/headers/original/missing.png","header_static":"http://localhost:3000/headers/original/missing.png","followers_count":0,"following_count":0,"statuses_count":5,"last_status_at":"2022-11-18","noindex":false,"source":{"privacy":"public","sensitive":false,"language":null,"note":"","fields":[],"follow_requests_count":0},"emojis":[],"fields":[],"role":{"id":"-99","name":"","permissions":"65536","color":"","highlighted":false}}'
    headers:
      Cache-Control:
      - no-store
      Content-Security-Policy:
      - 'base-uri ''none''; default-src ''none''; frame-ancestors ''none''; font-src
        ''self'' http://localhost:3000; img-src ''self'' https: data: blob: http://localhost:3000;
        style-src ''self'' http://localhost:3000 ''nonce-3EN7F4MujpHoVrEZ3s8fag=='';
        media-src ''self'' https: data: http://localhost:3000; frame-src ''self''
        https:; manifest-src ''self'' http://localhost:3000; connect-src ''self''
        data: blob: http://localhost:3000 http://localhost:3000 ws://localhost:4000
        ws://localhost:3035 http://localhost:3035; script-src ''self'' ''unsafe-inline''
        ''unsafe-eval'' http://localhost:3000; child-src ''self'' blob: http://localhost:3000;
        worker-src ''self'' blob: http://localhost:3000'
      Content-Type:
      - application/json; charset=utf-8
      ETag:
      - W/"dc5952ea4f0e073dc114984e11e688fe"
      Referrer-Policy:
      - strict-origin-when-cross-origin
      Transfer-Encoding:
      - chunked
      Vary:
      - Accept, Origin
      X-Content-Type-Options:
      - nosniff
      X-Download-Options:
      - noopen
      X-Frame-Options:
      - SAMEORIGIN
      X-Permitted-Cross-Domain-Policies:
      - none
      X-Request-Id:
      - b30300c0-b4d2-4d92-a447-90c4343be34f
      X-Runtime:
      - '0.012757'
      X-XSS-Protection:
      - 1; mode=block
    status:
      code: 200
      message: OK
- request:
    body: null
    headers:
      Accept:
      - '*/*'
      Accept-Encoding:
      - gzip, deflate
      Authorization:
      - Bearer __MASTODON_PY_TEST_ACCESS_TOKEN
      Connection:
      - keep-alive
      User-Agent:
      - tests/v311
    method: GET
    uri: http://localhost:3000/api/v1/accounts/lookup?acct=kljadklajsdkljlkjlkjlkjasdasd
  response:
    body:
      string: '{"error":"Record not found"}'
    headers:
      Cache-Control:
      - no-store
      Content-Security-Policy:
      - 'base-uri ''none''; default-src ''none''; frame-ancestors ''none''; font-src
        ''self'' http://localhost:3000; img-src ''self'' https: data: blob: http://localhost:3000;
        style-src ''self'' http://localhost:3000 ''nonce-K3+CoL7Djc57eXE+QOhaqw=='';
        media-src ''self'' https: data: http://localhost:3000; frame-src ''self''
        https:; manifest-src ''self'' http://localhost:3000; connect-src ''self''
        data: blob: http://localhost:3000 http://localhost:3000 ws://localhost:4000
        ws://localhost:3035 http://localhost:3035; script-src ''self'' ''unsafe-inline''
        ''unsafe-eval'' http://localhost:3000; child-src ''self'' blob: http://localhost:3000;
        worker-src ''self'' blob: http://localhost:3000'
      Content-Type:
      - application/json; charset=utf-8
      Referrer-Policy:
      - strict-origin-when-cross-origin
      Transfer-Encoding:
      - chunked
      Vary:
      - Accept, Origin
      X-Content-Type-Options:
      - nosniff
      X-Download-Options:
      - noopen
      X-Frame-Options:
      - SAMEORIGIN
      X-Permitted-Cross-Domain-Policies:
      - none
      X-Request-Id:
      - ad639c09-6937-494b-8d8e-d07c4e57ae17
      X-Runtime:
      - '0.007311'
      X-XSS-Protection:
      - 1; mode=block
    status:
      code: 404
      message: Not Found
- request:
    body: null
    headers:
      Accept:
      - '*/*'
      Accept-Encoding:
      - gzip, deflate
      Authorization:
      - Bearer __MASTODON_PY_TEST_ACCESS_TOKEN
      Connection:
      - keep-alive
      User-Agent:
      - tests/v311
    method: GET
    uri: http://localhost:3000/api/v1/accounts/lookup?acct=mastodonpy_test
  response:
    body:
      string: '{"id":"109366898092282937","username":"mastodonpy_test","acct":"mastodonpy_test","display_name":"","locked":true,"bot":false,"discoverable":null,"group":false,"created_at":"2022-11-18T00:00:00.000Z","note":"","url":"http://localhost:3000/@mastodonpy_test","avatar":"http://localhost:3000/avatars/original/missing.png","avatar_static":"http://localhost:3000/avatars/original/missing.png","header":"http://localhost:3000/headers/original/missing.png","header_static":"http://localhost:3000/headers/original/missing.png","followers_count":0,"following_count":0,"statuses_count":5,"last_status_at":"2022-11-18","noindex":false,"emojis":[],"fields":[]}'
    headers:
      Cache-Control:
      - no-store
      Content-Security-Policy:
      - 'base-uri ''none''; default-src ''none''; frame-ancestors ''none''; font-src
        ''self'' http://localhost:3000; img-src ''self'' https: data: blob: http://localhost:3000;
        style-src ''self'' http://localhost:3000 ''nonce-ahGApVKvUFVrZV/lQw3Ckw=='';
        media-src ''self'' https: data: http://localhost:3000; frame-src ''self''
        https:; manifest-src ''self'' http://localhost:3000; connect-src ''self''
        data: blob: http://localhost:3000 http://localhost:3000 ws://localhost:4000
        ws://localhost:3035 http://localhost:3035; script-src ''self'' ''unsafe-inline''
        ''unsafe-eval'' http://localhost:3000; child-src ''self'' blob: http://localhost:3000;
        worker-src ''self'' blob: http://localhost:3000'
      Content-Type:
      - application/json; charset=utf-8
      ETag:
      - W/"38e63cb43c9359834b66f41070c8c079"
      Referrer-Policy:
      - strict-origin-when-cross-origin
      Transfer-Encoding:
      - chunked
      Vary:
      - Accept, Origin
      X-Content-Type-Options:
      - nosniff
      X-Download-Options:
      - noopen
      X-Frame-Options:
      - SAMEORIGIN
      X-Permitted-Cross-Domain-Policies:
      - none
      X-Request-Id:
      - 74fa7552-bb6c-4154-8993-aac7ede92f32
      X-Runtime:
      - '0.010043'
      X-XSS-Protection:
      - 1; mode=block
    status:
      code: 200
      message: OK
- request:
    body: null
    headers:
      Accept:
      - '*/*'
      Accept-Encoding:
      - gzip, deflate
      Authorization:
      - Bearer __MASTODON_PY_TEST_ACCESS_TOKEN
      Connection:
      - keep-alive
      User-Agent:
      - tests/v311
    method: GET
    uri: http://localhost:3000/api/v1/accounts/lookup?acct=mastodonpy_test%40localhost%3A3000
  response:
    body:
      string: '{"id":"109366898092282937","username":"mastodonpy_test","acct":"mastodonpy_test","display_name":"","locked":true,"bot":false,"discoverable":null,"group":false,"created_at":"2022-11-18T00:00:00.000Z","note":"","url":"http://localhost:3000/@mastodonpy_test","avatar":"http://localhost:3000/avatars/original/missing.png","avatar_static":"http://localhost:3000/avatars/original/missing.png","header":"http://localhost:3000/headers/original/missing.png","header_static":"http://localhost:3000/headers/original/missing.png","followers_count":0,"following_count":0,"statuses_count":5,"last_status_at":"2022-11-18","noindex":false,"emojis":[],"fields":[]}'
    headers:
      Cache-Control:
      - no-store
      Content-Security-Policy:
      - 'base-uri ''none''; default-src ''none''; frame-ancestors ''none''; font-src
        ''self'' http://localhost:3000; img-src ''self'' https: data: blob: http://localhost:3000;
        style-src ''self'' http://localhost:3000 ''nonce-VIxMxXw1sv2+gz5VzvH8xw=='';
        media-src ''self'' https: data: http://localhost:3000; frame-src ''self''
        https:; manifest-src ''self'' http://localhost:3000; connect-src ''self''
        data: blob: http://localhost:3000 http://localhost:3000 ws://localhost:4000
        ws://localhost:3035 http://localhost:3035; script-src ''self'' ''unsafe-inline''
        ''unsafe-eval'' http://localhost:3000; child-src ''self'' blob: http://localhost:3000;
        worker-src ''self'' blob: http://localhost:3000'
      Content-Type:
      - application/json; charset=utf-8
      ETag:
      - W/"38e63cb43c9359834b66f41070c8c079"
      Referrer-Policy:
      - strict-origin-when-cross-origin
      Transfer-Encoding:
      - chunked
      Vary:
      - Accept, Origin
      X-Content-Type-Options:
      - nosniff
      X-Download-Options:
      - noopen
      X-Frame-Options:
      - SAMEORIGIN
      X-Permitted-Cross-Domain-Policies:
      - none
      X-Request-Id:
      - 772bdf24-12ae-4d4b-b4a1-ae3cd452e247
      X-Runtime:
      - '0.010063'
      X-XSS-Protection:
      - 1; mode=block
    status:
      code: 200
      message: OK
version: 1
