interactions:
- request:
    body: status=Toot%21
    headers:
      Accept:
      - '*/*'
      Accept-Encoding:
      - gzip, deflate
      Authorization:
      - Bearer __MASTODON_PY_TEST_ACCESS_TOKEN
      Connection:
      - keep-alive
      Content-Length:
      - '14'
      Content-Type:
      - application/x-www-form-urlencoded
      User-Agent:
      - tests/v311
    method: POST
    uri: http://localhost:3000/api/v1/statuses
  response:
    body:
      string: '{"id":"110594135718645684","created_at":"2023-06-23T15:03:08.481Z","in_reply_to_id":null,"in_reply_to_account_id":null,"sensitive":false,"spoiler_text":"","visibility":"public","language":"ja","uri":"http://localhost:3000/users/mastodonpy_test/statuses/110594135718645684","url":"http://localhost:3000/@mastodonpy_test/110594135718645684","replies_count":0,"reblogs_count":0,"favourites_count":0,"edited_at":null,"favourited":false,"reblogged":false,"muted":false,"bookmarked":false,"pinned":false,"content":"\u003cp\u003eToot!\u003c/p\u003e","filtered":[],"reblog":null,"application":{"name":"Mastodon.py
        test suite","website":null},"account":{"id":"110594123259982139","username":"mastodonpy_test","acct":"mastodonpy_test","display_name":"John
        Lennon","locked":true,"bot":false,"discoverable":null,"group":false,"created_at":"2023-06-23T00:00:00.000Z","note":"\u003cp\u003eI
        walk funny\u003c/p\u003e","url":"http://localhost:3000/@mastodonpy_test","avatar":"http://localhost:3000/system/accounts/avatars/110/594/123/259/982/139/original/e125a3a9920bb491.jpg","avatar_static":"http://localhost:3000/system/accounts/avatars/110/594/123/259/982/139/original/e125a3a9920bb491.jpg","header":"http://localhost:3000/system/accounts/headers/110/594/123/259/982/139/original/4da851fddd1ca252.jpg","header_static":"http://localhost:3000/system/accounts/headers/110/594/123/259/982/139/original/4da851fddd1ca252.jpg","followers_count":0,"following_count":0,"statuses_count":6,"last_status_at":"2023-06-23","noindex":false,"emojis":[],"roles":[],"fields":[{"name":"bread","value":"toasty.","verified_at":null},{"name":"lasagna","value":"no!!!","verified_at":null}]},"media_attachments":[],"mentions":[],"tags":[],"emojis":[],"card":null,"poll":null}'
    headers:
      Cache-Control:
      - private, no-store
      Content-Security-Policy:
      - default-src 'none'; frame-ancestors 'none'; form-action 'none'
      Content-Type:
      - application/json; charset=utf-8
      ETag:
      - W/"9adce0adec65fce447f7e9df0b0b31ae"
      Referrer-Policy:
      - strict-origin-when-cross-origin
      Transfer-Encoding:
      - chunked
      Vary:
      - Accept, Origin
      X-Content-Type-Options:
      - nosniff
      X-Download-Options:
      - noopen
      X-Frame-Options:
      - SAMEORIGIN
      X-Permitted-Cross-Domain-Policies:
      - none
      X-RateLimit-Limit:
      - '300'
      X-RateLimit-Remaining:
      - '205'
      X-RateLimit-Reset:
      - '2023-06-23T18:00:00.520655Z'
      X-Request-Id:
      - fe1183f0-3ab5-4476-949e-ff82da4ee82e
      X-Runtime:
      - '0.054520'
      X-XSS-Protection:
      - 1; mode=block
    status:
      code: 200
      message: OK
- request:
    body: null
    headers:
      Accept:
      - '*/*'
      Accept-Encoding:
      - gzip, deflate
      Authorization:
      - Bearer __MASTODON_PY_TEST_ACCESS_TOKEN
      Connection:
      - keep-alive
      User-Agent:
      - tests/v311
    method: GET
    uri: http://localhost:3000/api/v1/timelines/public
  response:
    body:
      string: '[{"id":"110594135718645684","created_at":"2023-06-23T15:03:08.481Z","in_reply_to_id":null,"in_reply_to_account_id":null,"sensitive":false,"spoiler_text":"","visibility":"public","language":"ja","uri":"http://localhost:3000/users/mastodonpy_test/statuses/110594135718645684","url":"http://localhost:3000/@mastodonpy_test/110594135718645684","replies_count":0,"reblogs_count":0,"favourites_count":0,"edited_at":null,"favourited":false,"reblogged":false,"muted":false,"bookmarked":false,"pinned":false,"content":"\u003cp\u003eToot!\u003c/p\u003e","filtered":[],"reblog":null,"application":{"name":"Mastodon.py
        test suite","website":null},"account":{"id":"110594123259982139","username":"mastodonpy_test","acct":"mastodonpy_test","display_name":"John
        Lennon","locked":true,"bot":false,"discoverable":null,"group":false,"created_at":"2023-06-23T00:00:00.000Z","note":"\u003cp\u003eI
        walk funny\u003c/p\u003e","url":"http://localhost:3000/@mastodonpy_test","avatar":"http://localhost:3000/system/accounts/avatars/110/594/123/259/982/139/original/e125a3a9920bb491.jpg","avatar_static":"http://localhost:3000/system/accounts/avatars/110/594/123/259/982/139/original/e125a3a9920bb491.jpg","header":"http://localhost:3000/system/accounts/headers/110/594/123/259/982/139/original/4da851fddd1ca252.jpg","header_static":"http://localhost:3000/system/accounts/headers/110/594/123/259/982/139/original/4da851fddd1ca252.jpg","followers_count":0,"following_count":0,"statuses_count":6,"last_status_at":"2023-06-23","noindex":false,"emojis":[],"roles":[],"fields":[{"name":"bread","value":"toasty.","verified_at":null},{"name":"lasagna","value":"no!!!","verified_at":null}]},"media_attachments":[],"mentions":[],"tags":[],"emojis":[],"card":null,"poll":null},{"id":"110594135184006856","created_at":"2023-06-23T15:03:00.323Z","in_reply_to_id":null,"in_reply_to_account_id":null,"sensitive":false,"spoiler_text":"","visibility":"public","language":"ja","uri":"http://localhost:3000/users/mastodonpy_test/statuses/110594135184006856","url":"http://localhost:3000/@mastodonpy_test/110594135184006856","replies_count":0,"reblogs_count":0,"favourites_count":0,"edited_at":"2023-06-23T15:03:00.458Z","favourited":false,"reblogged":false,"muted":false,"bookmarked":false,"pinned":false,"content":"\u003cp\u003ethe
        best editor? why, of course it is the KDE Advanced Text Editor, Kate\u003c/p\u003e","filtered":[],"reblog":null,"application":{"name":"Mastodon.py
        test suite","website":null},"account":{"id":"110594123259982139","username":"mastodonpy_test","acct":"mastodonpy_test","display_name":"John
        Lennon","locked":true,"bot":false,"discoverable":null,"group":false,"created_at":"2023-06-23T00:00:00.000Z","note":"\u003cp\u003eI
        walk funny\u003c/p\u003e","url":"http://localhost:3000/@mastodonpy_test","avatar":"http://localhost:3000/system/accounts/avatars/110/594/123/259/982/139/original/e125a3a9920bb491.jpg","avatar_static":"http://localhost:3000/system/accounts/avatars/110/594/123/259/982/139/original/e125a3a9920bb491.jpg","header":"http://localhost:3000/system/accounts/headers/110/594/123/259/982/139/original/4da851fddd1ca252.jpg","header_static":"http://localhost:3000/system/accounts/headers/110/594/123/259/982/139/original/4da851fddd1ca252.jpg","followers_count":0,"following_count":0,"statuses_count":6,"last_status_at":"2023-06-23","noindex":false,"emojis":[],"roles":[],"fields":[{"name":"bread","value":"toasty.","verified_at":null},{"name":"lasagna","value":"no!!!","verified_at":null}]},"media_attachments":[],"mentions":[],"tags":[],"emojis":[],"card":null,"poll":null},{"id":"110594134184417153","created_at":"2023-06-23T15:02:45.071Z","in_reply_to_id":null,"in_reply_to_account_id":null,"sensitive":false,"spoiler_text":"","visibility":"public","language":"ja","uri":"http://localhost:3000/users/mastodonpy_test/statuses/110594134184417153","url":"http://localhost:3000/@mastodonpy_test/110594134184417153","replies_count":0,"reblogs_count":0,"favourites_count":0,"edited_at":null,"favourited":false,"reblogged":false,"muted":false,"bookmarked":false,"pinned":false,"content":"\u003cp\u003eplease
        ensure adequate headroom\u003c/p\u003e","filtered":[],"reblog":null,"application":{"name":"Mastodon.py
        test suite","website":null},"account":{"id":"110594123259982139","username":"mastodonpy_test","acct":"mastodonpy_test","display_name":"John
        Lennon","locked":true,"bot":false,"discoverable":null,"group":false,"created_at":"2023-06-23T00:00:00.000Z","note":"\u003cp\u003eI
        walk funny\u003c/p\u003e","url":"http://localhost:3000/@mastodonpy_test","avatar":"http://localhost:3000/system/accounts/avatars/110/594/123/259/982/139/original/e125a3a9920bb491.jpg","avatar_static":"http://localhost:3000/system/accounts/avatars/110/594/123/259/982/139/original/e125a3a9920bb491.jpg","header":"http://localhost:3000/system/accounts/headers/110/594/123/259/982/139/original/4da851fddd1ca252.jpg","header_static":"http://localhost:3000/system/accounts/headers/110/594/123/259/982/139/original/4da851fddd1ca252.jpg","followers_count":0,"following_count":0,"statuses_count":6,"last_status_at":"2023-06-23","noindex":false,"emojis":[],"roles":[],"fields":[{"name":"bread","value":"toasty.","verified_at":null},{"name":"lasagna","value":"no!!!","verified_at":null}]},"media_attachments":[],"mentions":[],"tags":[],"emojis":[],"card":null,"poll":null},{"id":"110594133086763336","created_at":"2023-06-23T15:02:28.322Z","in_reply_to_id":null,"in_reply_to_account_id":null,"sensitive":false,"spoiler_text":"","visibility":"public","language":"en","uri":"http://localhost:3000/users/admin/statuses/110594133086763336","url":"http://localhost:3000/@admin/110594133086763336","replies_count":0,"reblogs_count":0,"favourites_count":0,"edited_at":null,"favourited":false,"reblogged":false,"muted":false,"bookmarked":false,"content":"\u003cp\u003enice\u003c/p\u003e","filtered":[],"reblog":null,"application":{"name":"Mastodon.py
        test suite","website":null},"account":{"id":"110594123022662601","username":"admin","acct":"admin","display_name":"","locked":false,"bot":false,"discoverable":null,"group":false,"created_at":"2023-06-23T00:00:00.000Z","note":"","url":"http://localhost:3000/@admin","avatar":"http://localhost:3000/avatars/original/missing.png","avatar_static":"http://localhost:3000/avatars/original/missing.png","header":"http://localhost:3000/headers/original/missing.png","header_static":"http://localhost:3000/headers/original/missing.png","followers_count":0,"following_count":0,"statuses_count":1,"last_status_at":"2023-06-23","noindex":false,"emojis":[],"roles":[{"id":"3","name":"Owner","color":""}],"fields":[]},"media_attachments":[],"mentions":[],"tags":[],"emojis":[],"card":null,"poll":{"id":"2","expires_at":"2023-06-23T15:07:28.320Z","expired":false,"multiple":false,"votes_count":1,"voters_count":1,"voted":true,"own_votes":[1],"options":[{"title":"four
        twenty","votes_count":0},{"title":"sixty-nine","votes_count":1}],"emojis":[]}},{"id":"110594129525010614","created_at":"2023-06-23T15:01:33.974Z","in_reply_to_id":null,"in_reply_to_account_id":null,"sensitive":false,"spoiler_text":"","visibility":"public","language":"ja","uri":"http://localhost:3000/users/mastodonpy_test/statuses/110594129525010614","url":"http://localhost:3000/@mastodonpy_test/110594129525010614","replies_count":0,"reblogs_count":0,"favourites_count":0,"edited_at":null,"favourited":false,"reblogged":false,"muted":false,"bookmarked":false,"pinned":false,"content":"\u003cp\u003eToot!\u003c/p\u003e","filtered":[],"reblog":null,"application":{"name":"Mastodon.py
        test suite","website":null},"account":{"id":"110594123259982139","username":"mastodonpy_test","acct":"mastodonpy_test","display_name":"John
        Lennon","locked":true,"bot":false,"discoverable":null,"group":false,"created_at":"2023-06-23T00:00:00.000Z","note":"\u003cp\u003eI
        walk funny\u003c/p\u003e","url":"http://localhost:3000/@mastodonpy_test","avatar":"http://localhost:3000/system/accounts/avatars/110/594/123/259/982/139/original/e125a3a9920bb491.jpg","avatar_static":"http://localhost:3000/system/accounts/avatars/110/594/123/259/982/139/original/e125a3a9920bb491.jpg","header":"http://localhost:3000/system/accounts/headers/110/594/123/259/982/139/original/4da851fddd1ca252.jpg","header_static":"http://localhost:3000/system/accounts/headers/110/594/123/259/982/139/original/4da851fddd1ca252.jpg","followers_count":0,"following_count":0,"statuses_count":6,"last_status_at":"2023-06-23","noindex":false,"emojis":[],"roles":[],"fields":[{"name":"bread","value":"toasty.","verified_at":null},{"name":"lasagna","value":"no!!!","verified_at":null}]},"media_attachments":[],"mentions":[],"tags":[],"emojis":[],"card":null,"poll":null}]'
    headers:
      Cache-Control:
      - private, no-store
      Content-Security-Policy:
      - default-src 'none'; frame-ancestors 'none'; form-action 'none'
      Content-Type:
      - application/json; charset=utf-8
      ETag:
      - W/"c7ca4402ef5ea4200da2693649522a95"
      Link:
      - <http://localhost:3000/api/v1/timelines/public?max_id=110594129525010614>;
        rel="next", <http://localhost:3000/api/v1/timelines/public?min_id=110594135718645684>;
        rel="prev"
      Referrer-Policy:
      - strict-origin-when-cross-origin
      Transfer-Encoding:
      - chunked
      Vary:
      - Accept, Origin
      X-Content-Type-Options:
      - nosniff
      X-Download-Options:
      - noopen
      X-Frame-Options:
      - SAMEORIGIN
      X-Permitted-Cross-Domain-Policies:
      - none
      X-Request-Id:
      - 521dcc06-037b-4cca-a46f-86ed8fd171a6
      X-Runtime:
      - '0.080442'
      X-XSS-Protection:
      - 1; mode=block
    status:
      code: 200
      message: OK
- request:
    body: null
    headers:
      Accept:
      - '*/*'
      Accept-Encoding:
      - gzip, deflate
      Authorization:
      - Bearer __MASTODON_PY_TEST_ACCESS_TOKEN
      Connection:
      - keep-alive
      User-Agent:
      - tests/v311
    method: GET
    uri: http://localhost:3000/api/v1/timelines/public?local=1
  response:
    body:
      string: '[{"id":"110594135718645684","created_at":"2023-06-23T15:03:08.481Z","in_reply_to_id":null,"in_reply_to_account_id":null,"sensitive":false,"spoiler_text":"","visibility":"public","language":"ja","uri":"http://localhost:3000/users/mastodonpy_test/statuses/110594135718645684","url":"http://localhost:3000/@mastodonpy_test/110594135718645684","replies_count":0,"reblogs_count":0,"favourites_count":0,"edited_at":null,"favourited":false,"reblogged":false,"muted":false,"bookmarked":false,"pinned":false,"content":"\u003cp\u003eToot!\u003c/p\u003e","filtered":[],"reblog":null,"application":{"name":"Mastodon.py
        test suite","website":null},"account":{"id":"110594123259982139","username":"mastodonpy_test","acct":"mastodonpy_test","display_name":"John
        Lennon","locked":true,"bot":false,"discoverable":null,"group":false,"created_at":"2023-06-23T00:00:00.000Z","note":"\u003cp\u003eI
        walk funny\u003c/p\u003e","url":"http://localhost:3000/@mastodonpy_test","avatar":"http://localhost:3000/system/accounts/avatars/110/594/123/259/982/139/original/e125a3a9920bb491.jpg","avatar_static":"http://localhost:3000/system/accounts/avatars/110/594/123/259/982/139/original/e125a3a9920bb491.jpg","header":"http://localhost:3000/system/accounts/headers/110/594/123/259/982/139/original/4da851fddd1ca252.jpg","header_static":"http://localhost:3000/system/accounts/headers/110/594/123/259/982/139/original/4da851fddd1ca252.jpg","followers_count":0,"following_count":0,"statuses_count":6,"last_status_at":"2023-06-23","noindex":false,"emojis":[],"roles":[],"fields":[{"name":"bread","value":"toasty.","verified_at":null},{"name":"lasagna","value":"no!!!","verified_at":null}]},"media_attachments":[],"mentions":[],"tags":[],"emojis":[],"card":null,"poll":null},{"id":"110594135184006856","created_at":"2023-06-23T15:03:00.323Z","in_reply_to_id":null,"in_reply_to_account_id":null,"sensitive":false,"spoiler_text":"","visibility":"public","language":"ja","uri":"http://localhost:3000/users/mastodonpy_test/statuses/110594135184006856","url":"http://localhost:3000/@mastodonpy_test/110594135184006856","replies_count":0,"reblogs_count":0,"favourites_count":0,"edited_at":"2023-06-23T15:03:00.458Z","favourited":false,"reblogged":false,"muted":false,"bookmarked":false,"pinned":false,"content":"\u003cp\u003ethe
        best editor? why, of course it is the KDE Advanced Text Editor, Kate\u003c/p\u003e","filtered":[],"reblog":null,"application":{"name":"Mastodon.py
        test suite","website":null},"account":{"id":"110594123259982139","username":"mastodonpy_test","acct":"mastodonpy_test","display_name":"John
        Lennon","locked":true,"bot":false,"discoverable":null,"group":false,"created_at":"2023-06-23T00:00:00.000Z","note":"\u003cp\u003eI
        walk funny\u003c/p\u003e","url":"http://localhost:3000/@mastodonpy_test","avatar":"http://localhost:3000/system/accounts/avatars/110/594/123/259/982/139/original/e125a3a9920bb491.jpg","avatar_static":"http://localhost:3000/system/accounts/avatars/110/594/123/259/982/139/original/e125a3a9920bb491.jpg","header":"http://localhost:3000/system/accounts/headers/110/594/123/259/982/139/original/4da851fddd1ca252.jpg","header_static":"http://localhost:3000/system/accounts/headers/110/594/123/259/982/139/original/4da851fddd1ca252.jpg","followers_count":0,"following_count":0,"statuses_count":6,"last_status_at":"2023-06-23","noindex":false,"emojis":[],"roles":[],"fields":[{"name":"bread","value":"toasty.","verified_at":null},{"name":"lasagna","value":"no!!!","verified_at":null}]},"media_attachments":[],"mentions":[],"tags":[],"emojis":[],"card":null,"poll":null},{"id":"110594134184417153","created_at":"2023-06-23T15:02:45.071Z","in_reply_to_id":null,"in_reply_to_account_id":null,"sensitive":false,"spoiler_text":"","visibility":"public","language":"ja","uri":"http://localhost:3000/users/mastodonpy_test/statuses/110594134184417153","url":"http://localhost:3000/@mastodonpy_test/110594134184417153","replies_count":0,"reblogs_count":0,"favourites_count":0,"edited_at":null,"favourited":false,"reblogged":false,"muted":false,"bookmarked":false,"pinned":false,"content":"\u003cp\u003eplease
        ensure adequate headroom\u003c/p\u003e","filtered":[],"reblog":null,"application":{"name":"Mastodon.py
        test suite","website":null},"account":{"id":"110594123259982139","username":"mastodonpy_test","acct":"mastodonpy_test","display_name":"John
        Lennon","locked":true,"bot":false,"discoverable":null,"group":false,"created_at":"2023-06-23T00:00:00.000Z","note":"\u003cp\u003eI
        walk funny\u003c/p\u003e","url":"http://localhost:3000/@mastodonpy_test","avatar":"http://localhost:3000/system/accounts/avatars/110/594/123/259/982/139/original/e125a3a9920bb491.jpg","avatar_static":"http://localhost:3000/system/accounts/avatars/110/594/123/259/982/139/original/e125a3a9920bb491.jpg","header":"http://localhost:3000/system/accounts/headers/110/594/123/259/982/139/original/4da851fddd1ca252.jpg","header_static":"http://localhost:3000/system/accounts/headers/110/594/123/259/982/139/original/4da851fddd1ca252.jpg","followers_count":0,"following_count":0,"statuses_count":6,"last_status_at":"2023-06-23","noindex":false,"emojis":[],"roles":[],"fields":[{"name":"bread","value":"toasty.","verified_at":null},{"name":"lasagna","value":"no!!!","verified_at":null}]},"media_attachments":[],"mentions":[],"tags":[],"emojis":[],"card":null,"poll":null},{"id":"110594133086763336","created_at":"2023-06-23T15:02:28.322Z","in_reply_to_id":null,"in_reply_to_account_id":null,"sensitive":false,"spoiler_text":"","visibility":"public","language":"en","uri":"http://localhost:3000/users/admin/statuses/110594133086763336","url":"http://localhost:3000/@admin/110594133086763336","replies_count":0,"reblogs_count":0,"favourites_count":0,"edited_at":null,"favourited":false,"reblogged":false,"muted":false,"bookmarked":false,"content":"\u003cp\u003enice\u003c/p\u003e","filtered":[],"reblog":null,"application":{"name":"Mastodon.py
        test suite","website":null},"account":{"id":"110594123022662601","username":"admin","acct":"admin","display_name":"","locked":false,"bot":false,"discoverable":null,"group":false,"created_at":"2023-06-23T00:00:00.000Z","note":"","url":"http://localhost:3000/@admin","avatar":"http://localhost:3000/avatars/original/missing.png","avatar_static":"http://localhost:3000/avatars/original/missing.png","header":"http://localhost:3000/headers/original/missing.png","header_static":"http://localhost:3000/headers/original/missing.png","followers_count":0,"following_count":0,"statuses_count":1,"last_status_at":"2023-06-23","noindex":false,"emojis":[],"roles":[{"id":"3","name":"Owner","color":""}],"fields":[]},"media_attachments":[],"mentions":[],"tags":[],"emojis":[],"card":null,"poll":{"id":"2","expires_at":"2023-06-23T15:07:28.320Z","expired":false,"multiple":false,"votes_count":1,"voters_count":1,"voted":true,"own_votes":[1],"options":[{"title":"four
        twenty","votes_count":0},{"title":"sixty-nine","votes_count":1}],"emojis":[]}},{"id":"110594129525010614","created_at":"2023-06-23T15:01:33.974Z","in_reply_to_id":null,"in_reply_to_account_id":null,"sensitive":false,"spoiler_text":"","visibility":"public","language":"ja","uri":"http://localhost:3000/users/mastodonpy_test/statuses/110594129525010614","url":"http://localhost:3000/@mastodonpy_test/110594129525010614","replies_count":0,"reblogs_count":0,"favourites_count":0,"edited_at":null,"favourited":false,"reblogged":false,"muted":false,"bookmarked":false,"pinned":false,"content":"\u003cp\u003eToot!\u003c/p\u003e","filtered":[],"reblog":null,"application":{"name":"Mastodon.py
        test suite","website":null},"account":{"id":"110594123259982139","username":"mastodonpy_test","acct":"mastodonpy_test","display_name":"John
        Lennon","locked":true,"bot":false,"discoverable":null,"group":false,"created_at":"2023-06-23T00:00:00.000Z","note":"\u003cp\u003eI
        walk funny\u003c/p\u003e","url":"http://localhost:3000/@mastodonpy_test","avatar":"http://localhost:3000/system/accounts/avatars/110/594/123/259/982/139/original/e125a3a9920bb491.jpg","avatar_static":"http://localhost:3000/system/accounts/avatars/110/594/123/259/982/139/original/e125a3a9920bb491.jpg","header":"http://localhost:3000/system/accounts/headers/110/594/123/259/982/139/original/4da851fddd1ca252.jpg","header_static":"http://localhost:3000/system/accounts/headers/110/594/123/259/982/139/original/4da851fddd1ca252.jpg","followers_count":0,"following_count":0,"statuses_count":6,"last_status_at":"2023-06-23","noindex":false,"emojis":[],"roles":[],"fields":[{"name":"bread","value":"toasty.","verified_at":null},{"name":"lasagna","value":"no!!!","verified_at":null}]},"media_attachments":[],"mentions":[],"tags":[],"emojis":[],"card":null,"poll":null}]'
    headers:
      Cache-Control:
      - private, no-store
      Content-Security-Policy:
      - default-src 'none'; frame-ancestors 'none'; form-action 'none'
      Content-Type:
      - application/json; charset=utf-8
      ETag:
      - W/"c7ca4402ef5ea4200da2693649522a95"
      Link:
      - <http://localhost:3000/api/v1/timelines/public?local=1&max_id=110594129525010614>;
        rel="next", <http://localhost:3000/api/v1/timelines/public?local=1&min_id=110594135718645684>;
        rel="prev"
      Referrer-Policy:
      - strict-origin-when-cross-origin
      Transfer-Encoding:
      - chunked
      Vary:
      - Accept, Origin
      X-Content-Type-Options:
      - nosniff
      X-Download-Options:
      - noopen
      X-Frame-Options:
      - SAMEORIGIN
      X-Permitted-Cross-Domain-Policies:
      - none
      X-Request-Id:
      - 932dbffb-87f9-4393-8655-674ef0b8c30a
      X-Runtime:
      - '0.082904'
      X-XSS-Protection:
      - 1; mode=block
    status:
      code: 200
      message: OK
- request:
    body: null
    headers:
      Accept:
      - '*/*'
      Accept-Encoding:
      - gzip, deflate
      Authorization:
      - Bearer __MASTODON_PY_TEST_ACCESS_TOKEN
      Connection:
      - keep-alive
      Content-Length:
      - '0'
      User-Agent:
      - tests/v311
    method: DELETE
    uri: http://localhost:3000/api/v1/statuses/110594135718645684
  response:
    body:
      string: '{"id":"110594135718645684","created_at":"2023-06-23T15:03:08.481Z","in_reply_to_id":null,"in_reply_to_account_id":null,"sensitive":false,"spoiler_text":"","visibility":"public","language":"ja","uri":"http://localhost:3000/users/mastodonpy_test/statuses/110594135718645684","url":"http://localhost:3000/@mastodonpy_test/110594135718645684","replies_count":0,"reblogs_count":0,"favourites_count":0,"edited_at":null,"favourited":false,"reblogged":false,"muted":false,"bookmarked":false,"pinned":false,"text":"Toot!","filtered":[],"reblog":null,"application":{"name":"Mastodon.py
        test suite","website":null},"account":{"id":"110594123259982139","username":"mastodonpy_test","acct":"mastodonpy_test","display_name":"John
        Lennon","locked":true,"bot":false,"discoverable":null,"group":false,"created_at":"2023-06-23T00:00:00.000Z","note":"\u003cp\u003eI
        walk funny\u003c/p\u003e","url":"http://localhost:3000/@mastodonpy_test","avatar":"http://localhost:3000/system/accounts/avatars/110/594/123/259/982/139/original/e125a3a9920bb491.jpg","avatar_static":"http://localhost:3000/system/accounts/avatars/110/594/123/259/982/139/original/e125a3a9920bb491.jpg","header":"http://localhost:3000/system/accounts/headers/110/594/123/259/982/139/original/4da851fddd1ca252.jpg","header_static":"http://localhost:3000/system/accounts/headers/110/594/123/259/982/139/original/4da851fddd1ca252.jpg","followers_count":0,"following_count":0,"statuses_count":5,"last_status_at":"2023-06-23","noindex":false,"emojis":[],"roles":[],"fields":[{"name":"bread","value":"toasty.","verified_at":null},{"name":"lasagna","value":"no!!!","verified_at":null}]},"media_attachments":[],"mentions":[],"tags":[],"emojis":[],"card":null,"poll":null}'
    headers:
      Cache-Control:
      - private, no-store
      Content-Security-Policy:
      - default-src 'none'; frame-ancestors 'none'; form-action 'none'
      Content-Type:
      - application/json; charset=utf-8
      ETag:
      - W/"e7af78555e8b078c98c3b69eaa083b7a"
      Referrer-Policy:
      - strict-origin-when-cross-origin
      Transfer-Encoding:
      - chunked
      Vary:
      - Accept, Origin
      X-Content-Type-Options:
      - nosniff
      X-Download-Options:
      - noopen
      X-Frame-Options:
      - SAMEORIGIN
      X-Permitted-Cross-Domain-Policies:
      - none
      X-Request-Id:
      - a0e27d57-2d03-4e14-a94f-c8f2771e0971
      X-Runtime:
      - '0.040655'
      X-XSS-Protection:
      - 1; mode=block
    status:
      code: 200
      message: OK
version: 1
