interactions:
- request:
    body: status=Toot%21
    headers:
      Accept: ['*/*']
      Accept-Encoding: ['gzip, deflate']
      Authorization: [Bearer __MASTODON_PY_TEST_ACCESS_TOKEN]
      Connection: [keep-alive]
      Content-Length: ['14']
      Content-Type: [application/x-www-form-urlencoded]
      User-Agent: [python-requests/2.18.4]
    method: POST
    uri: http://localhost:3000/api/v1/statuses
  response:
    body: {string: '{"id":"102945951763113468","created_at":"2019-10-11T21:49:22.797Z","in_reply_to_id":null,"in_reply_to_account_id":null,"sensitive":false,"spoiler_text":"","visibility":"public","language":"ja","uri":"http://localhost/users/mastodonpy_test/statuses/102945951763113468","url":"http://localhost/@mastodonpy_test/102945951763113468","replies_count":0,"reblogs_count":0,"favourites_count":0,"favourited":false,"reblogged":false,"muted":false,"pinned":false,"content":"\u003cp\u003eToot!\u003c/p\u003e","reblog":null,"application":{"name":"Mastodon.py
        test suite","website":null},"account":{"id":"1234567890123456","username":"mastodonpy_test","acct":"mastodonpy_test","display_name":"","locked":false,"bot":false,"created_at":"2019-06-22T23:11:52.441Z","note":"\u003cp\u003e\u003c/p\u003e","url":"http://localhost/@mastodonpy_test","avatar":"http://localhost/avatars/original/missing.png","avatar_static":"http://localhost/avatars/original/missing.png","header":"http://localhost/headers/original/missing.png","header_static":"http://localhost/headers/original/missing.png","followers_count":0,"following_count":0,"statuses_count":2,"last_status_at":"2019-10-11T21:49:22.805Z","emojis":[],"fields":[]},"media_attachments":[],"mentions":[],"tags":[],"emojis":[],"card":null,"poll":null}'}
    headers:
      Cache-Control: ['no-cache, no-store']
      Content-Type: [application/json; charset=utf-8]
      Referrer-Policy: [strict-origin-when-cross-origin]
      Transfer-Encoding: [chunked]
      Vary: ['Accept-Encoding, Origin']
      X-Content-Type-Options: [nosniff]
      X-Download-Options: [noopen]
      X-Frame-Options: [SAMEORIGIN]
      X-Permitted-Cross-Domain-Policies: [none]
      X-Request-Id: [32970b7d-7a04-489a-83cf-e805149eee86]
      X-Runtime: ['0.131402']
      X-XSS-Protection: [1; mode=block]
      content-length: ['1280']
    status: {code: 200, message: OK}
- request:
    body: null
    headers:
      Accept: ['*/*']
      Accept-Encoding: ['gzip, deflate']
      Authorization: [Bearer __MASTODON_PY_TEST_ACCESS_TOKEN]
      Connection: [keep-alive]
      User-Agent: [python-requests/2.18.4]
    method: GET
    uri: http://localhost:3000/api/v1/accounts/verify_credentials
  response:
    body: {string: '{"id":"1234567890123456","username":"mastodonpy_test","acct":"mastodonpy_test","display_name":"","locked":false,"bot":false,"created_at":"2019-06-22T23:11:52.441Z","note":"\u003cp\u003e\u003c/p\u003e","url":"http://localhost/@mastodonpy_test","avatar":"http://localhost/avatars/original/missing.png","avatar_static":"http://localhost/avatars/original/missing.png","header":"http://localhost/headers/original/missing.png","header_static":"http://localhost/headers/original/missing.png","followers_count":0,"following_count":0,"statuses_count":2,"last_status_at":"2019-10-11T21:49:22.805Z","source":{"privacy":"public","sensitive":false,"language":null,"note":"","fields":[],"follow_requests_count":0},"emojis":[],"fields":[]}'}
    headers:
      Cache-Control: ['no-cache, no-store']
      Content-Type: [application/json; charset=utf-8]
      Referrer-Policy: [strict-origin-when-cross-origin]
      Transfer-Encoding: [chunked]
      Vary: ['Accept-Encoding, Origin']
      X-Content-Type-Options: [nosniff]
      X-Download-Options: [noopen]
      X-Frame-Options: [SAMEORIGIN]
      X-Permitted-Cross-Domain-Policies: [none]
      X-Request-Id: [0e7f44b2-220b-4f69-bf81-6078db00a3d6]
      X-Runtime: ['0.067795']
      X-XSS-Protection: [1; mode=block]
      content-length: ['724']
    status: {code: 200, message: OK}
- request:
    body: comment=makes+the+bad+post&account_id=1234567890123456&status_ids%5B%5D=102945951763113468
    headers:
      Accept: ['*/*']
      Accept-Encoding: ['gzip, deflate']
      Authorization: [Bearer __MASTODON_PY_TEST_ACCESS_TOKEN]
      Connection: [keep-alive]
      Content-Length: ['90']
      Content-Type: [application/x-www-form-urlencoded]
      User-Agent: [python-requests/2.18.4]
    method: POST
    uri: http://localhost:3000/api/v1/reports/
  response:
    body: {string: '{"id":"27","action_taken":false}'}
    headers:
      Cache-Control: ['no-cache, no-store']
      Content-Type: [application/json; charset=utf-8]
      Referrer-Policy: [strict-origin-when-cross-origin]
      Transfer-Encoding: [chunked]
      Vary: ['Accept-Encoding, Origin']
      X-Content-Type-Options: [nosniff]
      X-Download-Options: [noopen]
      X-Frame-Options: [SAMEORIGIN]
      X-Permitted-Cross-Domain-Policies: [none]
      X-Request-Id: [03bbf827-147b-4ce9-983a-5fbed69c0d9c]
      X-Runtime: ['0.036229']
      X-XSS-Protection: [1; mode=block]
      content-length: ['32']
    status: {code: 200, message: OK}
- request:
    body: null
    headers:
      Accept: ['*/*']
      Accept-Encoding: ['gzip, deflate']
      Authorization: [Bearer __MASTODON_PY_TEST_ACCESS_TOKEN]
      Connection: [keep-alive]
      Content-Length: ['0']
      User-Agent: [python-requests/2.18.4]
    method: DELETE
    uri: http://localhost:3000/api/v1/statuses/102945951763113468
  response:
    body: {string: '{"id":"102945951763113468","created_at":"2019-10-11T21:49:22.797Z","in_reply_to_id":null,"in_reply_to_account_id":null,"sensitive":false,"spoiler_text":"","visibility":"public","language":"ja","uri":"http://localhost/users/mastodonpy_test/statuses/102945951763113468","url":"http://localhost/@mastodonpy_test/102945951763113468","replies_count":0,"reblogs_count":0,"favourites_count":0,"favourited":false,"reblogged":false,"muted":false,"pinned":false,"text":"Toot!","reblog":null,"application":{"name":"Mastodon.py
        test suite","website":null},"account":{"id":"1234567890123456","username":"mastodonpy_test","acct":"mastodonpy_test","display_name":"","locked":false,"bot":false,"created_at":"2019-06-22T23:11:52.441Z","note":"\u003cp\u003e\u003c/p\u003e","url":"http://localhost/@mastodonpy_test","avatar":"http://localhost/avatars/original/missing.png","avatar_static":"http://localhost/avatars/original/missing.png","header":"http://localhost/headers/original/missing.png","header_static":"http://localhost/headers/original/missing.png","followers_count":0,"following_count":0,"statuses_count":2,"last_status_at":"2019-10-11T21:49:22.805Z","emojis":[],"fields":[]},"media_attachments":[],"mentions":[],"tags":[],"emojis":[],"card":null,"poll":null}'}
    headers:
      Cache-Control: ['no-cache, no-store']
      Content-Type: [application/json; charset=utf-8]
      Referrer-Policy: [strict-origin-when-cross-origin]
      Transfer-Encoding: [chunked]
      Vary: ['Accept-Encoding, Origin']
      X-Content-Type-Options: [nosniff]
      X-Download-Options: [noopen]
      X-Frame-Options: [SAMEORIGIN]
      X-Permitted-Cross-Domain-Policies: [none]
      X-Request-Id: [1b787f88-c8fe-41ee-8d78-8398c8ce75fd]
      X-Runtime: ['0.087011']
      X-XSS-Protection: [1; mode=block]
      content-length: ['1250']
    status: {code: 200, message: OK}
version: 1
